{"api_gateway":{"acm_cert_arn":null,"api_key_source":null,"base_path_mapping_active_stage_name":null,"binary_media_types":null,"client_cert_description":"Managed by terraform-aws-api-gateway-v1 module","client_cert_enabled":false,"custom_domain":null,"default_deployment_description":null,"default_deployment_name":"default","default_deployment_variables":null,"description":"Managed by terraform-aws-api-gateway-v1 module","endpoint_configuration":null,"hosted_zone_id":null,"minimum_compression_size":null,"name":"api-gateway","policy":null},"api_gateway_methods":[{"api_method":{"api_key_required":false,"authorization":"NONE","authorization_scopes":null,"authorizer_id":null,"authorizer_name":null,"http_method":"GET","integration":{"cache_key_parameters":null,"cache_namespace":null,"connection_id":null,"connection_type":"INTERNET","content_handling":null,"credentials":null,"integration_http_method":"POST","passthrough_behavior":null,"request_parameters":{},"request_templates":{"application/json":"{ \"statusCode\": 200 }"},"timeout_milliseconds":29000,"type":"AWS_PROXY","uri":"arn:aws:apigateway:us-east-2:lambda:path/2015-03-31/functions/arn:aws:lambda:us-east-2:331422937941:function:hello-world-lambda/invocations"},"integration_response":{"content_handling":null,"response_parameters":{},"response_template":null,"selection_pattern":null,"status_code":"200"},"request_models":null,"request_parameters":{},"request_validator_id":null,"response":{"response_models":{"application/json":"Empty"},"response_parameters":{},"response_template":null,"response_type":null,"status_code":"200"}},"options_method":{"api_key_required":false,"authorization":"NONE","authorization_scopes":null,"authorizer_id":null,"authorizer_name":null,"http_method":"OPTIONS","integration":{"cache_key_parameters":null,"cache_namespace":null,"connection_id":null,"connection_type":null,"content_handling":"CONVERT_TO_TEXT","credentials":null,"integration_http_method":null,"passthrough_behavior":null,"request_parameters":{},"request_templates":{"application/json":"{ \"statusCode\": 200 }"},"timeout_milliseconds":29000,"type":"MOCK","uri":null},"integration_response":{"content_handling":null,"response_parameters":{},"response_template":{"application/json":""},"selection_pattern":null,"status_code":"200"},"request_models":null,"request_parameters":null,"request_validator_id":null,"response":{"response_models":{},"response_parameters":{"method.response.header.Access-Control-Allow-Credentials":true,"method.response.header.Access-Control-Allow-Headers":true,"method.response.header.Access-Control-Allow-Methods":true,"method.response.header.Access-Control-Allow-Origin":true},"status_code":"200"}},"resource_path":"myPath"}],"api_gateway_models":[],"api_gateway_responses":[{"response_parameters":{"gatewayresponse.header.Access-Control-Allow-Credentials":"'true'","gatewayresponse.header.Access-Control-Allow-Headers":"''","gatewayresponse.header.Access-Control-Allow-Origin":"''"},"response_templates":{"application/json":"{\"message\":$context.error.messageString}"},"response_type":"DEFAULT_4XX","status_code":null},{"response_parameters":{"gatewayresponse.header.Access-Control-Allow-Credentials":"'true'","gatewayresponse.header.Access-Control-Allow-Headers":"''","gatewayresponse.header.Access-Control-Allow-Origin":"''"},"response_templates":{"application/json":"{\"message\":$context.error.messageString}"},"response_type":"DEFAULT_5XX","status_code":null}],"api_gateway_stages":[],"api_keys":[],"authorizer_definitions":[],"gateway_response_parameters":{"gatewayresponse.header.Access-Control-Allow-Credentials":"'true'","gatewayresponse.header.Access-Control-Allow-Headers":"''","gatewayresponse.header.Access-Control-Allow-Origin":"''"},"length_path_segments_map":{"1":[["myPath"]]},"length_paths_map":{"1":["myPath"]},"max_number_of_levels":1,"options_integration_response_default":{"content_handling":null,"response_parameters":{},"response_template":{"application/json":""},"selection_pattern":null,"status_code":"200"},"paths":["myPath"],"paths_as_segments":[["myPath"]],"resource_method_map":{"myPath":"cya6rh"},"response_parameters":{"method.response.header.Access-Control-Allow-Credentials":"'true'","method.response.header.Access-Control-Allow-Headers":"'Content-Type,X-Amz-Date,Authorization,X-Api-Key,X-Amz-Security-Token,X-Amz-User-Agent'","method.response.header.Access-Control-Allow-Methods":"'OPTIONS,GET,POST'","method.response.header.Access-Control-Allow-Origin":"''"},"response_templates":{"application/json":"{\"message\":$context.error.messageString}"},"unique_paths":["myPath"],"vpc_links":[]}